To honour the JVM settings for this build a single-use Daemon process will be forked. For more on this, please refer to https://docs.gradle.org/9.3.1/userguide/gradle_daemon.html#sec:disabling_the_daemon in the Gradle documentation.
Daemon will be stopped at the end of the build 
> Task :app:preBuild UP-TO-DATE
> Task :app:preDebugBuild UP-TO-DATE
> Task :app:mergeDebugNativeDebugMetadata NO-SOURCE
> Task :app:generateDebugBuildConfig UP-TO-DATE
> Task :app:generateDebugResources UP-TO-DATE
> Task :app:packageDebugResources UP-TO-DATE
> Task :app:processDebugNavigationResources UP-TO-DATE
> Task :app:parseDebugLocalResources UP-TO-DATE
> Task :app:generateDebugRFile UP-TO-DATE
> Task :app:javaPreCompileDebug UP-TO-DATE
> Task :app:generateDebugAssets UP-TO-DATE
> Task :app:mergeDebugAssets UP-TO-DATE
> Task :app:compressDebugAssets UP-TO-DATE
> Task :app:checkDebugDuplicateClasses UP-TO-DATE
> Task :app:desugarDebugFileDependencies UP-TO-DATE
> Task :app:mergeExtDexDebug UP-TO-DATE
> Task :app:mergeLibDexDebug UP-TO-DATE
> Task :app:checkDebugAarMetadata UP-TO-DATE
> Task :app:mapDebugSourceSetPaths UP-TO-DATE
> Task :app:compileDebugNavigationResources UP-TO-DATE
> Task :app:mergeDebugResources UP-TO-DATE
> Task :app:createDebugCompatibleScreenManifests UP-TO-DATE
> Task :app:extractDeepLinksDebug UP-TO-DATE
> Task :app:processDebugMainManifest UP-TO-DATE
> Task :app:processDebugManifest UP-TO-DATE
> Task :app:processDebugManifestForPackage UP-TO-DATE
> Task :app:kspDebugKotlin
> Task :app:processDebugResources UP-TO-DATE
> Task :app:mergeDebugJniLibFolders UP-TO-DATE
> Task :app:mergeDebugNativeLibs UP-TO-DATE
> Task :app:stripDebugDebugSymbols UP-TO-DATE
> Task :app:validateSigningDebug UP-TO-DATE
> Task :app:writeDebugAppMetadata UP-TO-DATE
> Task :app:writeDebugSigningConfigVersions UP-TO-DATE
> Task :app:compileDebugKotlin
w: file:///E:/god%20folder/02_ACTIVE_PROJECTS/PURPCLAW/purp%20mobile/app/src/main/java/com/example/core/database/PurpClawDatabase.kt:418:11 'fun fallbackToDestructiveMigration(): RoomDatabase.Builder<PurpClawDatabase>' is deprecated. Replace by overloaded version with parameter to indicate if all tables should be dropped or not.
w: file:///E:/god%20folder/02_ACTIVE_PROJECTS/PURPCLAW/purp%20mobile/app/src/main/java/com/example/core/network/HomeRuntimeBridge.kt:231:47 Java type mismatch: inferred type is 'Nothing?', but 'String' was expected.
w: file:///E:/god%20folder/02_ACTIVE_PROJECTS/PURPCLAW/purp%20mobile/app/src/main/java/com/example/core/network/HomeRuntimeBridge.kt:232:41 Java type mismatch: inferred type is 'Nothing?', but 'String' was expected.
w: file:///E:/god%20folder/02_ACTIVE_PROJECTS/PURPCLAW/purp%20mobile/app/src/main/java/com/example/core/runtime/ToolRuntimeEngine.kt:417:61 'static field VIBRATOR_SERVICE: String' is deprecated. Deprecated in Java.
w: file:///E:/god%20folder/02_ACTIVE_PROJECTS/PURPCLAW/purp%20mobile/app/src/main/java/com/example/ui/MainViewModel.kt:1112:26 This extension is shadowed by a member: 'fun toEntity(): ProofReceiptEntity' defined in 'com/example/core/model/ProofReceipt'.
w: file:///E:/god%20folder/02_ACTIVE_PROJECTS/PURPCLAW/purp%20mobile/app/src/main/java/com/example/ui/components/DualViewBrowser.kt:80:30 'val Icons.Filled.ArrowBack: ImageVector' is deprecated. Use the AutoMirrored version at Icons.AutoMirrored.Filled.ArrowBack.
w: file:///E:/god%20folder/02_ACTIVE_PROJECTS/PURPCLAW/purp%20mobile/app/src/main/java/com/example/ui/components/DualViewBrowser.kt:83:30 'val Icons.Filled.ArrowForward: ImageVector' is deprecated. Use the AutoMirrored version at Icons.AutoMirrored.Filled.ArrowForward.
w: file:///E:/god%20folder/02_ACTIVE_PROJECTS/PURPCLAW/purp%20mobile/app/src/main/java/com/example/ui/components/PurpClawLogoAnimated.kt:53:11 Check for instance is always 'true'.
w: file:///E:/god%20folder/02_ACTIVE_PROJECTS/PURPCLAW/purp%20mobile/app/src/main/java/com/example/ui/screens/CommandScreen.kt:379:100 'val Icons.Filled.Send: ImageVector' is deprecated. Use the AutoMirrored version at Icons.AutoMirrored.Filled.Send.
w: file:///E:/god%20folder/02_ACTIVE_PROJECTS/PURPCLAW/purp%20mobile/app/src/main/java/com/example/ui/screens/ToolsMeshScreen.kt:79:46 'val Icons.Filled.Launch: ImageVector' is deprecated. Use the AutoMirrored version at Icons.AutoMirrored.Filled.Launch.
w: file:///E:/god%20folder/02_ACTIVE_PROJECTS/PURPCLAW/purp%20mobile/app/src/main/java/com/example/ui/screens/ToolsMeshScreen.kt:83:67 'val Icons.Filled.VolumeUp: ImageVector' is deprecated. Use the AutoMirrored version at Icons.AutoMirrored.Filled.VolumeUp.
w: file:///E:/god%20folder/02_ACTIVE_PROJECTS/PURPCLAW/purp%20mobile/app/src/main/java/com/example/ui/screens/ToolsMeshScreen.kt:89:76 'val Icons.Filled.Launch: ImageVector' is deprecated. Use the AutoMirrored version at Icons.AutoMirrored.Filled.Launch.

> Task :app:compileDebugJavaWithJavac UP-TO-DATE
> Task :app:processDebugJavaRes UP-TO-DATE
> Task :app:mergeDebugJavaResource UP-TO-DATE
> Task :app:dexBuilderDebug UP-TO-DATE
> Task :app:mergeProjectDexDebug UP-TO-DATE
> Task :app:packageDebug UP-TO-DATE
> Task :app:createDebugApkListingFileRedirect UP-TO-DATE
> Task :app:assembleDebug UP-TO-DATE

BUILD SUCCESSFUL in 3m 46s
38 actionable tasks: 2 executed, 36 up-to-date
