To honour the JVM settings for this build a single-use Daemon process will be forked. For more on this, please refer to https://docs.gradle.org/9.3.1/userguide/gradle_daemon.html#sec:disabling_the_daemon in the Gradle documentation.
Daemon will be stopped at the end of the build 
> Task :app:preBuild UP-TO-DATE
> Task :app:preDebugBuild UP-TO-DATE
> Task :app:mergeDebugNativeDebugMetadata NO-SOURCE
> Task :app:generateDebugBuildConfig FROM-CACHE
> Task :app:generateDebugResources FROM-CACHE
> Task :app:packageDebugResources FROM-CACHE
> Task :app:processDebugNavigationResources FROM-CACHE
> Task :app:parseDebugLocalResources FROM-CACHE
> Task :app:generateDebugRFile FROM-CACHE
> Task :app:kspDebugKotlin FROM-CACHE
> Task :app:compileDebugKotlin FROM-CACHE
> Task :app:javaPreCompileDebug FROM-CACHE
> Task :app:compileDebugJavaWithJavac FROM-CACHE
> Task :app:generateDebugAssets UP-TO-DATE
> Task :app:mergeDebugAssets
> Task :app:compressDebugAssets FROM-CACHE
> Task :app:processDebugJavaRes
> Task :app:checkDebugDuplicateClasses
> Task :app:desugarDebugFileDependencies FROM-CACHE
> Task :app:mergeExtDexDebug FROM-CACHE
> Task :app:mergeLibDexDebug FROM-CACHE
> Task :app:checkDebugAarMetadata
> Task :app:mapDebugSourceSetPaths
> Task :app:compileDebugNavigationResources FROM-CACHE
> Task :app:mergeDebugJavaResource
> Task :app:mergeDebugResources FROM-CACHE
> Task :app:createDebugCompatibleScreenManifests
> Task :app:extractDeepLinksDebug FROM-CACHE
> Task :app:processDebugMainManifest FROM-CACHE
> Task :app:processDebugManifest FROM-CACHE
> Task :app:processDebugManifestForPackage FROM-CACHE
> Task :app:processDebugResources FROM-CACHE
> Task :app:dexBuilderDebug FROM-CACHE
> Task :app:mergeProjectDexDebug FROM-CACHE
> Task :app:mergeDebugJniLibFolders
> Task :app:validateSigningDebug
> Task :app:writeDebugAppMetadata
> Task :app:mergeDebugNativeLibs
> Task :app:writeDebugSigningConfigVersions

> Task :app:stripDebugDebugSymbols
Unable to strip the following libraries, packaging them as they are: libandroidx.graphics.path.so, libdatastore_shared_counter.so, libimage_processing_util_jni.so, libsurface_util_jni.so. Run with --info option to learn more.

> Task :app:packageDebug
> Task :app:createDebugApkListingFileRedirect
> Task :app:assembleDebug

BUILD SUCCESSFUL in 1m 11s
38 actionable tasks: 15 executed, 23 from cache
