To honour the JVM settings for this build a single-use Daemon process will be forked. For more on this, please refer to https://docs.gradle.org/9.3.1/userguide/gradle_daemon.html#sec:disabling_the_daemon in the Gradle documentation.
Daemon will be stopped at the end of the build 
> Task :app:preBuild UP-TO-DATE
> Task :app:preDebugBuild UP-TO-DATE
> Task :app:mergeDebugNativeDebugMetadata NO-SOURCE
> Task :app:generateDebugBuildConfig
> Task :app:generateDebugResources
> Task :app:packageDebugResources
> Task :app:processDebugNavigationResources
> Task :app:parseDebugLocalResources
> Task :app:generateDebugRFile
> Task :app:javaPreCompileDebug
> Task :app:generateDebugAssets UP-TO-DATE
> Task :app:mergeDebugAssets
> Task :app:compressDebugAssets
> Task :app:checkDebugDuplicateClasses
> Task :app:desugarDebugFileDependencies
> Task :app:kspDebugKotlin
> Task :app:mergeExtDexDebug
> Task :app:mergeLibDexDebug
> Task :app:checkDebugAarMetadata
> Task :app:mapDebugSourceSetPaths
> Task :app:compileDebugNavigationResources
> Task :app:mergeDebugResources
> Task :app:createDebugCompatibleScreenManifests
> Task :app:extractDeepLinksDebug
> Task :app:processDebugMainManifest
> Task :app:processDebugManifest
> Task :app:processDebugManifestForPackage
> Task :app:processDebugResources
> Task :app:mergeDebugJniLibFolders
> Task :app:mergeDebugNativeLibs

> Task :app:stripDebugDebugSymbols
Unable to strip the following libraries, packaging them as they are: libandroidx.graphics.path.so, libdatastore_shared_counter.so, libimage_processing_util_jni.so, libsurface_util_jni.so. Run with --info option to learn more.

> Task :app:validateSigningDebug
> Task :app:writeDebugAppMetadata
> Task :app:writeDebugSigningConfigVersions
> Task :app:compileDebugKotlin
w: file:///E:/god%20folder/02_ACTIVE_PROJECTS/PURPCLAW/purp%20mobile/app/src/main/java/com/example/core/database/PurpClawDatabase.kt:419:11 'fun fallbackToDestructiveMigration(): RoomDatabase.Builder<PurpClawDatabase>' is deprecated. Replace by overloaded version with parameter to indicate if all tables should be dropped or not.
w: file:///E:/god%20folder/02_ACTIVE_PROJECTS/PURPCLAW/purp%20mobile/app/src/main/java/com/example/core/network/HomeRuntimeBridge.kt:233:61 Java type mismatch: inferred type is 'Nothing?', but 'String' was expected.
w: file:///E:/god%20folder/02_ACTIVE_PROJECTS/PURPCLAW/purp%20mobile/app/src/main/java/com/example/core/runtime/ToolRuntimeEngine.kt:417:61 'static field VIBRATOR_SERVICE: String' is deprecated. Deprecated in Java.
w: file:///E:/god%20folder/02_ACTIVE_PROJECTS/PURPCLAW/purp%20mobile/app/src/main/java/com/example/ui/MainViewModel.kt:1225:26 This extension is shadowed by a member: 'fun toEntity(): ProofReceiptEntity' defined in 'com/example/core/model/ProofReceipt'.
w: file:///E:/god%20folder/02_ACTIVE_PROJECTS/PURPCLAW/purp%20mobile/app/src/main/java/com/example/ui/components/DualViewBrowser.kt:80:30 'val Icons.Filled.ArrowBack: ImageVector' is deprecated. Use the AutoMirrored version at Icons.AutoMirrored.Filled.ArrowBack.
w: file:///E:/god%20folder/02_ACTIVE_PROJECTS/PURPCLAW/purp%20mobile/app/src/main/java/com/example/ui/components/DualViewBrowser.kt:83:30 'val Icons.Filled.ArrowForward: ImageVector' is deprecated. Use the AutoMirrored version at Icons.AutoMirrored.Filled.ArrowForward.
w: file:///E:/god%20folder/02_ACTIVE_PROJECTS/PURPCLAW/purp%20mobile/app/src/main/java/com/example/ui/components/PurpClawLogoAnimated.kt:53:11 Check for instance is always 'true'.
w: file:///E:/god%20folder/02_ACTIVE_PROJECTS/PURPCLAW/purp%20mobile/app/src/main/java/com/example/ui/screens/CommandScreen.kt:437:100 'val Icons.Filled.Send: ImageVector' is deprecated. Use the AutoMirrored version at Icons.AutoMirrored.Filled.Send.
w: file:///E:/god%20folder/02_ACTIVE_PROJECTS/PURPCLAW/purp%20mobile/app/src/main/java/com/example/ui/screens/ToolsMeshScreen.kt:79:46 'val Icons.Filled.Launch: ImageVector' is deprecated. Use the AutoMirrored version at Icons.AutoMirrored.Filled.Launch.
w: file:///E:/god%20folder/02_ACTIVE_PROJECTS/PURPCLAW/purp%20mobile/app/src/main/java/com/example/ui/screens/ToolsMeshScreen.kt:83:67 'val Icons.Filled.VolumeUp: ImageVector' is deprecated. Use the AutoMirrored version at Icons.AutoMirrored.Filled.VolumeUp.
w: file:///E:/god%20folder/02_ACTIVE_PROJECTS/PURPCLAW/purp%20mobile/app/src/main/java/com/example/ui/screens/ToolsMeshScreen.kt:89:76 'val Icons.Filled.Launch: ImageVector' is deprecated. Use the AutoMirrored version at Icons.AutoMirrored.Filled.Launch.

> Task :app:compileDebugJavaWithJavac
> Task :app:processDebugJavaRes
> Task :app:mergeDebugJavaResource
> Task :app:dexBuilderDebug

> Task :app:mergeProjectDexDebug
ERROR: E:\god folder\02_ACTIVE_PROJECTS\PURPCLAW\purp mobile\app\build\intermediates\dex\debug\mergeProjectDexDebug\14: D8: java.nio.file.NoSuchFileException: E:\god folder\02_ACTIVE_PROJECTS\PURPCLAW\purp mobile\app\build\intermediates\dex\debug\mergeProjectDexDebug\14
com.android.builder.dexing.DexArchiveMergerException: Error while merging dex archives: 
	at com.android.builder.dexing.D8DexArchiveMerger.getMergingExceptionToRethrow(D8DexArchiveMerger.java:231)
	at com.android.builder.dexing.D8DexArchiveMerger.mergeDexArchives(D8DexArchiveMerger.java:219)
	at com.android.build.gradle.internal.tasks.DexMergingWorkAction.merge(DexMergingTask.kt:820)
	at com.android.build.gradle.internal.tasks.DexMergingWorkAction.run(DexMergingTask.kt:775)
	at com.android.build.gradle.internal.profile.ProfileAwareWorkAction.execute(ProfileAwareWorkAction.kt:66)
	at org.gradle.workers.internal.DefaultWorkerServer.execute(DefaultWorkerServer.java:68)
	at org.gradle.workers.internal.NoIsolationWorkerFactory$1$1.create(NoIsolationWorkerFactory.java:64)
	at org.gradle.workers.internal.NoIsolationWorkerFactory$1$1.create(NoIsolationWorkerFactory.java:61)
	at org.gradle.internal.classloader.ClassLoaderUtils.executeInClassloader(ClassLoaderUtils.java:102)
	at org.gradle.workers.internal.NoIsolationWorkerFactory$1.lambda$execute$0(NoIsolationWorkerFactory.java:61)
	at org.gradle.workers.internal.AbstractWorker$1.call(AbstractWorker.java:44)
	at org.gradle.workers.internal.AbstractWorker$1.call(AbstractWorker.java:41)
	at org.gradle.internal.operations.DefaultBuildOperationRunner$CallableBuildOperationWorker.execute(DefaultBuildOperationRunner.java:209)
	at org.gradle.internal.operations.DefaultBuildOperationRunner$CallableBuildOperationWorker.execute(DefaultBuildOperationRunner.java:204)
	at org.gradle.internal.operations.DefaultBuildOperationRunner$2.execute(DefaultBuildOperationRunner.java:66)
	at org.gradle.internal.operations.DefaultBuildOperationRunner$2.execute(DefaultBuildOperationRunner.java:59)
	at org.gradle.internal.operations.DefaultBuildOperationRunner.execute(DefaultBuildOperationRunner.java:166)
	at org.gradle.internal.operations.DefaultBuildOperationRunner.execute(DefaultBuildOperationRunner.java:59)
	at org.gradle.internal.operations.DefaultBuildOperationRunner.call(DefaultBuildOperationRunner.java:53)
	at org.gradle.workers.internal.AbstractWorker.executeWrappedInBuildOperation(AbstractWorker.java:41)
	at org.gradle.workers.internal.NoIsolationWorkerFactory$1.execute(NoIsolationWorkerFactory.java:58)
	at org.gradle.workers.internal.DefaultWorkerExecutor.lambda$submitWork$0(DefaultWorkerExecutor.java:176)
	at java.base/java.util.concurrent.FutureTask.run(FutureTask.java:317)
	at org.gradle.internal.work.DefaultConditionalExecutionQueue$ExecutionRunner.runExecution(DefaultConditionalExecutionQueue.java:194)
	at org.gradle.internal.work.DefaultConditionalExecutionQueue$ExecutionRunner.access$700(DefaultConditionalExecutionQueue.java:127)
	at org.gradle.internal.work.DefaultConditionalExecutionQueue$ExecutionRunner$1.run(DefaultConditionalExecutionQueue.java:169)
	at org.gradle.internal.Factories$1.create(Factories.java:30)
	at org.gradle.internal.work.DefaultWorkerLeaseService.lambda$withLocksAcquired$0(DefaultWorkerLeaseService.java:269)
	at org.gradle.internal.work.ResourceLockStatistics$1.measure(ResourceLockStatistics.java:42)
	at org.gradle.internal.work.DefaultWorkerLeaseService.withLocksAcquired(DefaultWorkerLeaseService.java:267)
	at org.gradle.internal.work.DefaultWorkerLeaseService.withLocks(DefaultWorkerLeaseService.java:259)
	at org.gradle.internal.work.DefaultWorkerLeaseService.runAsWorkerThread(DefaultWorkerLeaseService.java:127)
	at org.gradle.internal.work.DefaultWorkerLeaseService.runAsWorkerThread(DefaultWorkerLeaseService.java:132)
	at org.gradle.internal.work.DefaultConditionalExecutionQueue$ExecutionRunner.runBatch(DefaultConditionalExecutionQueue.java:164)
	at org.gradle.internal.work.DefaultConditionalExecutionQueue$ExecutionRunner.run(DefaultConditionalExecutionQueue.java:133)
	at java.base/java.util.concurrent.Executors$RunnableAdapter.call(Executors.java:572)
	at java.base/java.util.concurrent.FutureTask.run(FutureTask.java:317)
	at org.gradle.internal.concurrent.ExecutorPolicy$CatchAndRecordFailures.onExecute(ExecutorPolicy.java:64)
	at org.gradle.internal.concurrent.AbstractManagedExecutor$1.run(AbstractManagedExecutor.java:47)
	at java.base/java.util.concurrent.ThreadPoolExecutor.runWorker(ThreadPoolExecutor.java:1144)
	at java.base/java.util.concurrent.ThreadPoolExecutor$Worker.run(ThreadPoolExecutor.java:642)
	at java.base/java.lang.Thread.run(Thread.java:1583)
Caused by: com.android.tools.r8.CompilationFailedException: Compilation failed to complete, origin: E:\god folder\02_ACTIVE_PROJECTS\PURPCLAW\purp mobile\app\build\intermediates\dex\debug\mergeProjectDexDebug\14
	at Version.fakeStackEntry(Version_9.1.31.java:0)
	at com.android.tools.r8.r0.a(R8_9.1.31_ffb8f76e0cfe19f6a6aff10b55ad38bc82c7544bc91f5b7fd86bc80f9b2412e7:1)
	at com.android.tools.r8.internal.lw0.a(R8_9.1.31_ffb8f76e0cfe19f6a6aff10b55ad38bc82c7544bc91f5b7fd86bc80f9b2412e7:81)
	at com.android.tools.r8.internal.lw0.a(R8_9.1.31_ffb8f76e0cfe19f6a6aff10b55ad38bc82c7544bc91f5b7fd86bc80f9b2412e7:32)
	at com.android.tools.r8.internal.lw0.a(R8_9.1.31_ffb8f76e0cfe19f6a6aff10b55ad38bc82c7544bc91f5b7fd86bc80f9b2412e7:31)
	at com.android.tools.r8.internal.lw0.b(R8_9.1.31_ffb8f76e0cfe19f6a6aff10b55ad38bc82c7544bc91f5b7fd86bc80f9b2412e7:2)
	at com.android.tools.r8.D8.run(R8_9.1.31_ffb8f76e0cfe19f6a6aff10b55ad38bc82c7544bc91f5b7fd86bc80f9b2412e7:11)
	at com.android.builder.dexing.D8DexArchiveMerger.mergeDexArchives(D8DexArchiveMerger.java:217)
	... 40 more
Caused by: java.nio.file.NoSuchFileException: E:\god folder\02_ACTIVE_PROJECTS\PURPCLAW\purp mobile\app\build\intermediates\dex\debug\mergeProjectDexDebug\14
	at java.base/sun.nio.fs.WindowsException.translateToIOException(WindowsException.java:85)
	at java.base/sun.nio.fs.WindowsException.rethrowAsIOException(WindowsException.java:103)
	at java.base/sun.nio.fs.WindowsException.rethrowAsIOException(WindowsException.java:108)
	at java.base/sun.nio.fs.WindowsDirectoryStream.<init>(WindowsDirectoryStream.java:86)
	at java.base/sun.nio.fs.WindowsFileSystemProvider.newDirectoryStream(WindowsFileSystemProvider.java:541)
	at java.base/java.nio.file.Files.newDirectoryStream(Files.java:482)
	at java.base/java.nio.file.Files.list(Files.java:3785)
	at org.gradle.internal.classpath.declarations.NioFileInterceptors.intercept_list(NioFileInterceptors.java:275)
	at com.android.tools.r8.DexIndexedConsumer$DirectoryConsumer.a(R8_9.1.31_ffb8f76e0cfe19f6a6aff10b55ad38bc82c7544bc91f5b7fd86bc80f9b2412e7:1)
	at com.android.tools.r8.DexIndexedConsumer$DirectoryConsumer.accept(R8_9.1.31_ffb8f76e0cfe19f6a6aff10b55ad38bc82c7544bc91f5b7fd86bc80f9b2412e7:8)
	at com.android.tools.r8.dex.j.b(R8_9.1.31_ffb8f76e0cfe19f6a6aff10b55ad38bc82c7544bc91f5b7fd86bc80f9b2412e7:60)
	at com.android.tools.r8.dex.j.a(R8_9.1.31_ffb8f76e0cfe19f6a6aff10b55ad38bc82c7544bc91f5b7fd86bc80f9b2412e7:150)
	at com.android.tools.r8.internal.eg4.a(R8_9.1.31_ffb8f76e0cfe19f6a6aff10b55ad38bc82c7544bc91f5b7fd86bc80f9b2412e7:2)
	at com.android.tools.r8.internal.eg4.a(R8_9.1.31_ffb8f76e0cfe19f6a6aff10b55ad38bc82c7544bc91f5b7fd86bc80f9b2412e7:17)
	at com.google.common.util.concurrent.TrustedListenableFutureTask$TrustedFutureInterruptibleTask.runInterruptibly(TrustedListenableFutureTask.java:131)
	at com.google.common.util.concurrent.InterruptibleTask.run(InterruptibleTask.java:76)
	at com.google.common.util.concurrent.TrustedListenableFutureTask.run(TrustedListenableFutureTask.java:82)
	at com.google.common.util.concurrent.DirectExecutorService.execute(DirectExecutorService.java:51)
	at java.base/java.util.concurrent.AbstractExecutorService.submit(AbstractExecutorService.java:145)
	at com.google.common.util.concurrent.AbstractListeningExecutorService.submit(AbstractListeningExecutorService.java:79)
	at com.google.common.util.concurrent.AbstractListeningExecutorService.submit(AbstractListeningExecutorService.java:37)
	at com.android.tools.r8.internal.fg4.submit(R8_9.1.31_ffb8f76e0cfe19f6a6aff10b55ad38bc82c7544bc91f5b7fd86bc80f9b2412e7:1)
	at com.android.tools.r8.internal.hf4.a(R8_9.1.31_ffb8f76e0cfe19f6a6aff10b55ad38bc82c7544bc91f5b7fd86bc80f9b2412e7:19)
	at com.android.tools.r8.internal.hf4.b(R8_9.1.31_ffb8f76e0cfe19f6a6aff10b55ad38bc82c7544bc91f5b7fd86bc80f9b2412e7:3)
	at com.android.tools.r8.internal.eg4.a(R8_9.1.31_ffb8f76e0cfe19f6a6aff10b55ad38bc82c7544bc91f5b7fd86bc80f9b2412e7:18)
	at com.android.tools.r8.internal.k21.a(R8_9.1.31_ffb8f76e0cfe19f6a6aff10b55ad38bc82c7544bc91f5b7fd86bc80f9b2412e7:3)
	at java.base/java.util.ArrayList.forEach(ArrayList.java:1596)
	at com.android.tools.r8.internal.k21.a(R8_9.1.31_ffb8f76e0cfe19f6a6aff10b55ad38bc82c7544bc91f5b7fd86bc80f9b2412e7:2)
	at com.android.tools.r8.internal.eg4.a(R8_9.1.31_ffb8f76e0cfe19f6a6aff10b55ad38bc82c7544bc91f5b7fd86bc80f9b2412e7:10)
	at com.android.tools.r8.internal.eg4.a(R8_9.1.31_ffb8f76e0cfe19f6a6aff10b55ad38bc82c7544bc91f5b7fd86bc80f9b2412e7:5)
	at com.android.tools.r8.internal.eg4.a(R8_9.1.31_ffb8f76e0cfe19f6a6aff10b55ad38bc82c7544bc91f5b7fd86bc80f9b2412e7:1)
	at com.android.tools.r8.dex.j.a(R8_9.1.31_ffb8f76e0cfe19f6a6aff10b55ad38bc82c7544bc91f5b7fd86bc80f9b2412e7:281)
	at com.android.tools.r8.dex.j.a(R8_9.1.31_ffb8f76e0cfe19f6a6aff10b55ad38bc82c7544bc91f5b7fd86bc80f9b2412e7:256)
	at com.android.tools.r8.D8.a(R8_9.1.31_ffb8f76e0cfe19f6a6aff10b55ad38bc82c7544bc91f5b7fd86bc80f9b2412e7:113)
	at com.android.tools.r8.D8.d(R8_9.1.31_ffb8f76e0cfe19f6a6aff10b55ad38bc82c7544bc91f5b7fd86bc80f9b2412e7:151)
	at com.android.tools.r8.D8.b(R8_9.1.31_ffb8f76e0cfe19f6a6aff10b55ad38bc82c7544bc91f5b7fd86bc80f9b2412e7:1)
	at com.android.tools.r8.internal.lw0.a(R8_9.1.31_ffb8f76e0cfe19f6a6aff10b55ad38bc82c7544bc91f5b7fd86bc80f9b2412e7:28)
	... 43 more
	Suppressed: java.lang.RuntimeException: com.android.tools.r8.internal.j: java.nio.file.NoSuchFileException: E:\god folder\02_ACTIVE_PROJECTS\PURPCLAW\purp mobile\app\build\intermediates\dex\debug\mergeProjectDexDebug\14
		at com.android.tools.r8.internal.yp3.a(R8_9.1.31_ffb8f76e0cfe19f6a6aff10b55ad38bc82c7544bc91f5b7fd86bc80f9b2412e7:27)
		at com.android.tools.r8.dex.j.a(R8_9.1.31_ffb8f76e0cfe19f6a6aff10b55ad38bc82c7544bc91f5b7fd86bc80f9b2412e7:259)
		... 47 more
	Caused by: com.android.tools.r8.internal.j: java.nio.file.NoSuchFileException: E:\god folder\02_ACTIVE_PROJECTS\PURPCLAW\purp mobile\app\build\intermediates\dex\debug\mergeProjectDexDebug\14
		at com.android.tools.r8.internal.yp3.a(R8_9.1.31_ffb8f76e0cfe19f6a6aff10b55ad38bc82c7544bc91f5b7fd86bc80f9b2412e7:21)
		at com.android.tools.r8.internal.yp3.error(R8_9.1.31_ffb8f76e0cfe19f6a6aff10b55ad38bc82c7544bc91f5b7fd86bc80f9b2412e7:1)
		at com.android.tools.r8.DexIndexedConsumer$DirectoryConsumer.accept(R8_9.1.31_ffb8f76e0cfe19f6a6aff10b55ad38bc82c7544bc91f5b7fd86bc80f9b2412e7:11)
		at com.android.tools.r8.dex.j.b(R8_9.1.31_ffb8f76e0cfe19f6a6aff10b55ad38bc82c7544bc91f5b7fd86bc80f9b2412e7:60)
		at com.android.tools.r8.dex.j.a(R8_9.1.31_ffb8f76e0cfe19f6a6aff10b55ad38bc82c7544bc91f5b7fd86bc80f9b2412e7:150)
		at com.android.tools.r8.internal.eg4.a(R8_9.1.31_ffb8f76e0cfe19f6a6aff10b55ad38bc82c7544bc91f5b7fd86bc80f9b2412e7:2)
		at com.android.tools.r8.internal.eg4.a(R8_9.1.31_ffb8f76e0cfe19f6a6aff10b55ad38bc82c7544bc91f5b7fd86bc80f9b2412e7:17)
		at com.google.common.util.concurrent.TrustedListenableFutureTask$TrustedFutureInterruptibleTask.runInterruptibly(TrustedListenableFutureTask.java:131)
		at com.google.common.util.concurrent.InterruptibleTask.run(InterruptibleTask.java:76)
		at com.google.common.util.concurrent.TrustedListenableFutureTask.run(TrustedListenableFutureTask.java:82)
		at com.google.common.util.concurrent.DirectExecutorService.execute(DirectExecutorService.java:51)
		at java.base/java.util.concurrent.AbstractExecutorService.submit(AbstractExecutorService.java:145)
		at com.google.common.util.concurrent.AbstractListeningExecutorService.submit(AbstractListeningExecutorService.java:79)
		at com.google.common.util.concurrent.AbstractListeningExecutorService.submit(AbstractListeningExecutorService.java:37)
		at com.android.tools.r8.internal.fg4.submit(R8_9.1.31_ffb8f76e0cfe19f6a6aff10b55ad38bc82c7544bc91f5b7fd86bc80f9b2412e7:1)
		at com.android.tools.r8.internal.hf4.a(R8_9.1.31_ffb8f76e0cfe19f6a6aff10b55ad38bc82c7544bc91f5b7fd86bc80f9b2412e7:19)
		at com.android.tools.r8.internal.hf4.b(R8_9.1.31_ffb8f76e0cfe19f6a6aff10b55ad38bc82c7544bc91f5b7fd86bc80f9b2412e7:3)
		at com.android.tools.r8.internal.eg4.a(R8_9.1.31_ffb8f76e0cfe19f6a6aff10b55ad38bc82c7544bc91f5b7fd86bc80f9b2412e7:18)
		at com.android.tools.r8.internal.k21.a(R8_9.1.31_ffb8f76e0cfe19f6a6aff10b55ad38bc82c7544bc91f5b7fd86bc80f9b2412e7:3)
		at java.base/java.util.ArrayList.forEach(ArrayList.java:1596)
		at com.android.tools.r8.internal.k21.a(R8_9.1.31_ffb8f76e0cfe19f6a6aff10b55ad38bc82c7544bc91f5b7fd86bc80f9b2412e7:2)
		at com.android.tools.r8.internal.eg4.a(R8_9.1.31_ffb8f76e0cfe19f6a6aff10b55ad38bc82c7544bc91f5b7fd86bc80f9b2412e7:10)
		at com.android.tools.r8.internal.eg4.a(R8_9.1.31_ffb8f76e0cfe19f6a6aff10b55ad38bc82c7544bc91f5b7fd86bc80f9b2412e7:5)
		at com.android.tools.r8.internal.eg4.a(R8_9.1.31_ffb8f76e0cfe19f6a6aff10b55ad38bc82c7544bc91f5b7fd86bc80f9b2412e7:1)
		at com.android.tools.r8.dex.j.a(R8_9.1.31_ffb8f76e0cfe19f6a6aff10b55ad38bc82c7544bc91f5b7fd86bc80f9b2412e7:281)
		at com.android.tools.r8.dex.j.a(R8_9.1.31_ffb8f76e0cfe19f6a6aff10b55ad38bc82c7544bc91f5b7fd86bc80f9b2412e7:256)
		... 47 more
	Caused by: [CIRCULAR REFERENCE: java.nio.file.NoSuchFileException: E:\god folder\02_ACTIVE_PROJECTS\PURPCLAW\purp mobile\app\build\intermediates\dex\debug\mergeProjectDexDebug\14]

ERROR: E:\god folder\02_ACTIVE_PROJECTS\PURPCLAW\purp mobile\app\build\intermediates\dex\debug\mergeProjectDexDebug\0: D8: java.nio.file.NoSuchFileException: E:\god folder\02_ACTIVE_PROJECTS\PURPCLAW\purp mobile\app\build\intermediates\dex\debug\mergeProjectDexDebug\0
com.android.builder.dexing.DexArchiveMergerException: Error while merging dex archives: 
	at com.android.builder.dexing.D8DexArchiveMerger.getMergingExceptionToRethrow(D8DexArchiveMerger.java:231)
	at com.android.builder.dexing.D8DexArchiveMerger.mergeDexArchives(D8DexArchiveMerger.java:219)
	at com.android.build.gradle.internal.tasks.DexMergingWorkAction.merge(DexMergingTask.kt:820)
	at com.android.build.gradle.internal.tasks.DexMergingWorkAction.run(DexMergingTask.kt:775)
	at com.android.build.gradle.internal.profile.ProfileAwareWorkAction.execute(ProfileAwareWorkAction.kt:66)
	at org.gradle.workers.internal.DefaultWorkerServer.execute(DefaultWorkerServer.java:68)
	at org.gradle.workers.internal.NoIsolationWorkerFactory$1$1.create(NoIsolationWorkerFactory.java:64)
	at org.gradle.workers.internal.NoIsolationWorkerFactory$1$1.create(NoIsolationWorkerFactory.java:61)
	at org.gradle.internal.classloader.ClassLoaderUtils.executeInClassloader(ClassLoaderUtils.java:102)
	at org.gradle.workers.internal.NoIsolationWorkerFactory$1.lambda$execute$0(NoIsolationWorkerFactory.java:61)
	at org.gradle.workers.internal.AbstractWorker$1.call(AbstractWorker.java:44)
	at org.gradle.workers.internal.AbstractWorker$1.call(AbstractWorker.java:41)
	at org.gradle.internal.operations.DefaultBuildOperationRunner$CallableBuildOperationWorker.execute(DefaultBuildOperationRunner.java:209)
	at org.gradle.internal.operations.DefaultBuildOperationRunner$CallableBuildOperationWorker.execute(DefaultBuildOperationRunner.java:204)
	at org.gradle.internal.operations.DefaultBuildOperationRunner$2.execute(DefaultBuildOperationRunner.java:66)
	at org.gradle.internal.operations.DefaultBuildOperationRunner$2.execute(DefaultBuildOperationRunner.java:59)
	at org.gradle.internal.operations.DefaultBuildOperationRunner.execute(DefaultBuildOperationRunner.java:166)
	at org.gradle.internal.operations.DefaultBuildOperationRunner.execute(DefaultBuildOperationRunner.java:59)
	at org.gradle.internal.operations.DefaultBuildOperationRunner.call(DefaultBuildOperationRunner.java:53)
	at org.gradle.workers.internal.AbstractWorker.executeWrappedInBuildOperation(AbstractWorker.java:41)
	at org.gradle.workers.internal.NoIsolationWorkerFactory$1.execute(NoIsolationWorkerFactory.java:58)
	at org.gradle.workers.internal.DefaultWorkerExecutor.lambda$submitWork$0(DefaultWorkerExecutor.java:176)
	at java.base/java.util.concurrent.FutureTask.run(FutureTask.java:317)
	at org.gradle.internal.work.DefaultConditionalExecutionQueue$ExecutionRunner.runExecution(DefaultConditionalExecutionQueue.java:194)
	at org.gradle.internal.work.DefaultConditionalExecutionQueue$ExecutionRunner.access$700(DefaultConditionalExecutionQueue.java:127)
	at org.gradle.internal.work.DefaultConditionalExecutionQueue$ExecutionRunner$1.run(DefaultConditionalExecutionQueue.java:169)
	at org.gradle.internal.Factories$1.create(Factories.java:30)
	at org.gradle.internal.work.DefaultWorkerLeaseService.lambda$withLocksAcquired$0(DefaultWorkerLeaseService.java:269)
	at org.gradle.internal.work.ResourceLockStatistics$1.measure(ResourceLockStatistics.java:42)
	at org.gradle.internal.work.DefaultWorkerLeaseService.withLocksAcquired(DefaultWorkerLeaseService.java:267)
	at org.gradle.internal.work.DefaultWorkerLeaseService.withLocks(DefaultWorkerLeaseService.java:259)
	at org.gradle.internal.work.DefaultWorkerLeaseService.runAsWorkerThread(DefaultWorkerLeaseService.java:127)
	at org.gradle.internal.work.DefaultWorkerLeaseService.runAsWorkerThread(DefaultWorkerLeaseService.java:132)
	at org.gradle.internal.work.DefaultConditionalExecutionQueue$ExecutionRunner.runBatch(DefaultConditionalExecutionQueue.java:164)
	at org.gradle.internal.work.DefaultConditionalExecutionQueue$ExecutionRunner.run(DefaultConditionalExecutionQueue.java:133)
	at java.base/java.util.concurrent.Executors$RunnableAdapter.call(Executors.java:572)
	at java.base/java.util.concurrent.FutureTask.run(FutureTask.java:317)
	at org.gradle.internal.concurrent.ExecutorPolicy$CatchAndRecordFailures.onExecute(ExecutorPolicy.java:64)
	at org.gradle.internal.concurrent.AbstractManagedExecutor$1.run(AbstractManagedExecutor.java:47)
	at java.base/java.util.concurrent.ThreadPoolExecutor.runWorker(ThreadPoolExecutor.java:1144)
	at java.base/java.util.concurrent.ThreadPoolExecutor$Worker.run(ThreadPoolExecutor.java:642)
	at java.base/java.lang.Thread.run(Thread.java:1583)
Caused by: com.android.tools.r8.CompilationFailedException: Compilation failed to complete, origin: E:\god folder\02_ACTIVE_PROJECTS\PURPCLAW\purp mobile\app\build\intermediates\dex\debug\mergeProjectDexDebug\0
	at Version.fakeStackEntry(Version_9.1.31.java:0)
	at com.android.tools.r8.r0.a(R8_9.1.31_ffb8f76e0cfe19f6a6aff10b55ad38bc82c7544bc91f5b7fd86bc80f9b2412e7:1)
	at com.android.tools.r8.internal.lw0.a(R8_9.1.31_ffb8f76e0cfe19f6a6aff10b55ad38bc82c7544bc91f5b7fd86bc80f9b2412e7:81)
	at com.android.tools.r8.internal.lw0.a(R8_9.1.31_ffb8f76e0cfe19f6a6aff10b55ad38bc82c7544bc91f5b7fd86bc80f9b2412e7:32)
	at com.android.tools.r8.internal.lw0.a(R8_9.1.31_ffb8f76e0cfe19f6a6aff10b55ad38bc82c7544bc91f5b7fd86bc80f9b2412e7:31)
	at com.android.tools.r8.internal.lw0.b(R8_9.1.31_ffb8f76e0cfe19f6a6aff10b55ad38bc82c7544bc91f5b7fd86bc80f9b2412e7:2)
	at com.android.tools.r8.D8.run(R8_9.1.31_ffb8f76e0cfe19f6a6aff10b55ad38bc82c7544bc91f5b7fd86bc80f9b2412e7:11)
	at com.android.builder.dexing.D8DexArchiveMerger.mergeDexArchives(D8DexArchiveMerger.java:217)
	... 40 more
Caused by: java.nio.file.NoSuchFileException: E:\god folder\02_ACTIVE_PROJECTS\PURPCLAW\purp mobile\app\build\intermediates\dex\debug\mergeProjectDexDebug\0
	at java.base/sun.nio.fs.WindowsException.translateToIOException(WindowsException.java:85)
	at java.base/sun.nio.fs.WindowsException.rethrowAsIOException(WindowsException.java:103)
	at java.base/sun.nio.fs.WindowsException.rethrowAsIOException(WindowsException.java:108)
	at java.base/sun.nio.fs.WindowsDirectoryStream.<init>(WindowsDirectoryStream.java:86)
	at java.base/sun.nio.fs.WindowsFileSystemProvider.newDirectoryStream(WindowsFileSystemProvider.java:541)
	at java.base/java.nio.file.Files.newDirectoryStream(Files.java:482)
	at java.base/java.nio.file.Files.list(Files.java:3785)
	at org.gradle.internal.classpath.declarations.NioFileInterceptors.intercept_list(NioFileInterceptors.java:275)
	at com.android.tools.r8.DexIndexedConsumer$DirectoryConsumer.a(R8_9.1.31_ffb8f76e0cfe19f6a6aff10b55ad38bc82c7544bc91f5b7fd86bc80f9b2412e7:1)
	at com.android.tools.r8.DexIndexedConsumer$DirectoryConsumer.accept(R8_9.1.31_ffb8f76e0cfe19f6a6aff10b55ad38bc82c7544bc91f5b7fd86bc80f9b2412e7:8)
	at com.android.tools.r8.dex.j.b(R8_9.1.31_ffb8f76e0cfe19f6a6aff10b55ad38bc82c7544bc91f5b7fd86bc80f9b2412e7:60)
	at com.android.tools.r8.dex.j.a(R8_9.1.31_ffb8f76e0cfe19f6a6aff10b55ad38bc82c7544bc91f5b7fd86bc80f9b2412e7:150)
	at com.android.tools.r8.internal.eg4.a(R8_9.1.31_ffb8f76e0cfe19f6a6aff10b55ad38bc82c7544bc91f5b7fd86bc80f9b2412e7:2)
	at com.android.tools.r8.internal.eg4.a(R8_9.1.31_ffb8f76e0cfe19f6a6aff10b55ad38bc82c7544bc91f5b7fd86bc80f9b2412e7:17)
	at com.google.common.util.concurrent.TrustedListenableFutureTask$TrustedFutureInterruptibleTask.runInterruptibly(TrustedListenableFutureTask.java:131)
	at com.google.common.util.concurrent.InterruptibleTask.run(InterruptibleTask.java:76)
	at com.google.common.util.concurrent.TrustedListenableFutureTask.run(TrustedListenableFutureTask.java:82)
	at com.google.common.util.concurrent.DirectExecutorService.execute(DirectExecutorService.java:51)
	at java.base/java.util.concurrent.AbstractExecutorService.submit(AbstractExecutorService.java:145)
	at com.google.common.util.concurrent.AbstractListeningExecutorService.submit(AbstractListeningExecutorService.java:79)
	at com.google.common.util.concurrent.AbstractListeningExecutorService.submit(AbstractListeningExecutorService.java:37)
	at com.android.tools.r8.internal.fg4.submit(R8_9.1.31_ffb8f76e0cfe19f6a6aff10b55ad38bc82c7544bc91f5b7fd86bc80f9b2412e7:1)
	at com.android.tools.r8.internal.hf4.a(R8_9.1.31_ffb8f76e0cfe19f6a6aff10b55ad38bc82c7544bc91f5b7fd86bc80f9b2412e7:19)
	at com.android.tools.r8.internal.hf4.b(R8_9.1.31_ffb8f76e0cfe19f6a6aff10b55ad38bc82c7544bc91f5b7fd86bc80f9b2412e7:3)
	at com.android.tools.r8.internal.eg4.a(R8_9.1.31_ffb8f76e0cfe19f6a6aff10b55ad38bc82c7544bc91f5b7fd86bc80f9b2412e7:18)
	at com.android.tools.r8.internal.k21.a(R8_9.1.31_ffb8f76e0cfe19f6a6aff10b55ad38bc82c7544bc91f5b7fd86bc80f9b2412e7:3)
	at java.base/java.util.ArrayList.forEach(ArrayList.java:1596)
	at com.android.tools.r8.internal.k21.a(R8_9.1.31_ffb8f76e0cfe19f6a6aff10b55ad38bc82c7544bc91f5b7fd86bc80f9b2412e7:2)
	at com.android.tools.r8.internal.eg4.a(R8_9.1.31_ffb8f76e0cfe19f6a6aff10b55ad38bc82c7544bc91f5b7fd86bc80f9b2412e7:10)
	at com.android.tools.r8.internal.eg4.a(R8_9.1.31_ffb8f76e0cfe19f6a6aff10b55ad38bc82c7544bc91f5b7fd86bc80f9b2412e7:5)
	at com.android.tools.r8.internal.eg4.a(R8_9.1.31_ffb8f76e0cfe19f6a6aff10b55ad38bc82c7544bc91f5b7fd86bc80f9b2412e7:1)
	at com.android.tools.r8.dex.j.a(R8_9.1.31_ffb8f76e0cfe19f6a6aff10b55ad38bc82c7544bc91f5b7fd86bc80f9b2412e7:281)
	at com.android.tools.r8.dex.j.a(R8_9.1.31_ffb8f76e0cfe19f6a6aff10b55ad38bc82c7544bc91f5b7fd86bc80f9b2412e7:256)
	at com.android.tools.r8.D8.a(R8_9.1.31_ffb8f76e0cfe19f6a6aff10b55ad38bc82c7544bc91f5b7fd86bc80f9b2412e7:113)
	at com.android.tools.r8.D8.d(R8_9.1.31_ffb8f76e0cfe19f6a6aff10b55ad38bc82c7544bc91f5b7fd86bc80f9b2412e7:151)
	at com.android.tools.r8.D8.b(R8_9.1.31_ffb8f76e0cfe19f6a6aff10b55ad38bc82c7544bc91f5b7fd86bc80f9b2412e7:1)
	at com.android.tools.r8.internal.lw0.a(R8_9.1.31_ffb8f76e0cfe19f6a6aff10b55ad38bc82c7544bc91f5b7fd86bc80f9b2412e7:28)
	... 43 more
	Suppressed: java.lang.RuntimeException: com.android.tools.r8.internal.j: java.nio.file.NoSuchFileException: E:\god folder\02_ACTIVE_PROJECTS\PURPCLAW\purp mobile\app\build\intermediates\dex\debug\mergeProjectDexDebug\0
		at com.android.tools.r8.internal.yp3.a(R8_9.1.31_ffb8f76e0cfe19f6a6aff10b55ad38bc82c7544bc91f5b7fd86bc80f9b2412e7:27)
		at com.android.tools.r8.dex.j.a(R8_9.1.31_ffb8f76e0cfe19f6a6aff10b55ad38bc82c7544bc91f5b7fd86bc80f9b2412e7:259)
		... 47 more
	Caused by: com.android.tools.r8.internal.j: java.nio.file.NoSuchFileException: E:\god folder\02_ACTIVE_PROJECTS\PURPCLAW\purp mobile\app\build\intermediates\dex\debug\mergeProjectDexDebug\0
		at com.android.tools.r8.internal.yp3.a(R8_9.1.31_ffb8f76e0cfe19f6a6aff10b55ad38bc82c7544bc91f5b7fd86bc80f9b2412e7:21)
		at com.android.tools.r8.internal.yp3.error(R8_9.1.31_ffb8f76e0cfe19f6a6aff10b55ad38bc82c7544bc91f5b7fd86bc80f9b2412e7:1)
		at com.android.tools.r8.DexIndexedConsumer$DirectoryConsumer.accept(R8_9.1.31_ffb8f76e0cfe19f6a6aff10b55ad38bc82c7544bc91f5b7fd86bc80f9b2412e7:11)
		at com.android.tools.r8.dex.j.b(R8_9.1.31_ffb8f76e0cfe19f6a6aff10b55ad38bc82c7544bc91f5b7fd86bc80f9b2412e7:60)
		at com.android.tools.r8.dex.j.a(R8_9.1.31_ffb8f76e0cfe19f6a6aff10b55ad38bc82c7544bc91f5b7fd86bc80f9b2412e7:150)
		at com.android.tools.r8.internal.eg4.a(R8_9.1.31_ffb8f76e0cfe19f6a6aff10b55ad38bc82c7544bc91f5b7fd86bc80f9b2412e7:2)
		at com.android.tools.r8.internal.eg4.a(R8_9.1.31_ffb8f76e0cfe19f6a6aff10b55ad38bc82c7544bc91f5b7fd86bc80f9b2412e7:17)
		at com.google.common.util.concurrent.TrustedListenableFutureTask$TrustedFutureInterruptibleTask.runInterruptibly(TrustedListenableFutureTask.java:131)
		at com.google.common.util.concurrent.InterruptibleTask.run(InterruptibleTask.java:76)
		at com.google.common.util.concurrent.TrustedListenableFutureTask.run(TrustedListenableFutureTask.java:82)
		at com.google.common.util.concurrent.DirectExecutorService.execute(DirectExecutorService.java:51)
		at java.base/java.util.concurrent.AbstractExecutorService.submit(AbstractExecutorService.java:145)
		at com.google.common.util.concurrent.AbstractListeningExecutorService.submit(AbstractListeningExecutorService.java:79)
		at com.google.common.util.concurrent.AbstractListeningExecutorService.submit(AbstractListeningExecutorService.java:37)
		at com.android.tools.r8.internal.fg4.submit(R8_9.1.31_ffb8f76e0cfe19f6a6aff10b55ad38bc82c7544bc91f5b7fd86bc80f9b2412e7:1)
		at com.android.tools.r8.internal.hf4.a(R8_9.1.31_ffb8f76e0cfe19f6a6aff10b55ad38bc82c7544bc91f5b7fd86bc80f9b2412e7:19)
		at com.android.tools.r8.internal.hf4.b(R8_9.1.31_ffb8f76e0cfe19f6a6aff10b55ad38bc82c7544bc91f5b7fd86bc80f9b2412e7:3)
		at com.android.tools.r8.internal.eg4.a(R8_9.1.31_ffb8f76e0cfe19f6a6aff10b55ad38bc82c7544bc91f5b7fd86bc80f9b2412e7:18)
		at com.android.tools.r8.internal.k21.a(R8_9.1.31_ffb8f76e0cfe19f6a6aff10b55ad38bc82c7544bc91f5b7fd86bc80f9b2412e7:3)
		at java.base/java.util.ArrayList.forEach(ArrayList.java:1596)
		at com.android.tools.r8.internal.k21.a(R8_9.1.31_ffb8f76e0cfe19f6a6aff10b55ad38bc82c7544bc91f5b7fd86bc80f9b2412e7:2)
		at com.android.tools.r8.internal.eg4.a(R8_9.1.31_ffb8f76e0cfe19f6a6aff10b55ad38bc82c7544bc91f5b7fd86bc80f9b2412e7:10)
		at com.android.tools.r8.internal.eg4.a(R8_9.1.31_ffb8f76e0cfe19f6a6aff10b55ad38bc82c7544bc91f5b7fd86bc80f9b2412e7:5)
		at com.android.tools.r8.internal.eg4.a(R8_9.1.31_ffb8f76e0cfe19f6a6aff10b55ad38bc82c7544bc91f5b7fd86bc80f9b2412e7:1)
		at com.android.tools.r8.dex.j.a(R8_9.1.31_ffb8f76e0cfe19f6a6aff10b55ad38bc82c7544bc91f5b7fd86bc80f9b2412e7:281)
		at com.android.tools.r8.dex.j.a(R8_9.1.31_ffb8f76e0cfe19f6a6aff10b55ad38bc82c7544bc91f5b7fd86bc80f9b2412e7:256)
		... 47 more
	Caused by: [CIRCULAR REFERENCE: java.nio.file.NoSuchFileException: E:\god folder\02_ACTIVE_PROJECTS\PURPCLAW\purp mobile\app\build\intermediates\dex\debug\mergeProjectDexDebug\0]


> Task :app:mergeProjectDexDebug FAILED
w: Detected multiple Kotlin daemon sessions at 

FAILURE: Build failed with an exception.

* What went wrong:
Execution failed for task ':app:mergeProjectDexDebug'.
> A failure occurred while executing com.android.build.gradle.internal.tasks.DexMergingTaskDelegate
   > There were multiple failures while executing work items
      > A failure occurred while executing com.android.build.gradle.internal.tasks.DexMergingWorkAction
         > com.android.builder.dexing.DexArchiveMergerException: Error while merging dex archives: 
      > A failure occurred while executing com.android.build.gradle.internal.tasks.DexMergingWorkAction
         > com.android.builder.dexing.DexArchiveMergerException: Error while merging dex archives: 

* Try:
> Run with --stacktrace option to get the stack trace.
> Run with --info or --debug option to get more log output.
> Run with --scan to get full insights from a Build Scan (powered by Develocity).
> Get more help at https://help.gradle.org.

BUILD FAILED in 11m 10s
36 actionable tasks: 36 executed
